// Jest Snapshot v1, https://goo.gl/fbAQLP

exports[`SupplySummaly Snapshot 1`] = `
<body>
  <div>
    <div
      class="sc-bczRLJ"
    >
      <div
        class="sc-gsnTZi cnHMJh"
      >
        <span>
          APY for Stakers:
        </span>
        <span
          class="sc-dkzDqf fSKJDa"
        >
          <span
            class="sc-hKMtZM mMVtK"
          >
            1
          </span>
          <span
            class="sc-eCYdqJ iWLnpS"
          >
            0
            %
          </span>
        </span>
      </div>
      <div
        class="sc-gsnTZi cnHMJh"
      >
        <span>
          APY for Creators:
        </span>
        <span
          class="sc-dkzDqf fSKJDa"
        >
          -
        </span>
      </div>
      <div
        class="sc-gsnTZi cnHMJh"
      >
        <span>
          Annual Supply Growth:
        </span>
        <span
          class="sc-dkzDqf fSKJDa"
        >
          <span
            class="sc-hKMtZM mMVtK"
          >
            1
          </span>
          <span
            class="sc-eCYdqJ iWLnpS"
          >
            0
            %
          </span>
        </span>
      </div>
    </div>
  </div>
</body>
`;
