// Jest Snapshot v1, https://goo.gl/fbAQLP

exports[`undefined Snapshot 1`] = `
<body>
  <div>
    <span
      class="sc-bczRLJ dVBKlu"
    >
      token
    </span>
  </div>
</body>
`;
