// Jest Snapshot v1, https://goo.gl/fbAQLP

exports[`undefined Snapshot 1`] = `
<body>
  <div>
    <input
      class="ant-input sc-bczRLJ gBtrIu"
      type="text"
      value=""
    />
  </div>
</body>
`;
