// Jest Snapshot v1, https://goo.gl/fbAQLP

exports[`Header Snapshot 1`] = `
<body>
  <div>
    <header>
      <nav
        class="sc-gsnTZi"
      >
        <div
          class="sc-bczRLJ sc-dkzDqf kokPlY bnerqB"
        >
          <a
            href="/ethereum"
          >
            <div
              class="sc-gKXOVf sc-hAZoDl jKtCnV kuIfBV"
            >
              <svgrurl
                class="sc-eCYdqJ gVfTro"
                height="1.2rem"
                id="headerlogo"
              />
              <span
                class="sc-jSMfEi cqDZpT"
              >
                Stakes.social
              </span>
            </div>
          </a>
          <span
            aria-label="more"
            class="anticon anticon-more sc-hKMtZM htwRFx"
            role="img"
            tabindex="-1"
          >
            <svg
              aria-hidden="true"
              data-icon="more"
              fill="currentColor"
              focusable="false"
              height="1em"
              viewBox="64 64 896 896"
              width="1em"
            >
              <path
                d="M456 231a56 56 0 10112 0 56 56 0 10-112 0zm0 280a56 56 0 10112 0 56 56 0 10-112 0zm0 280a56 56 0 10112 0 56 56 0 10-112 0z"
              />
            </svg>
          </span>
        </div>
      </nav>
      <div
        class="sc-fnykZs boxwjV"
      >
        Beta Version
      </div>
    </header>
  </div>
</body>
`;
